Sampling scene pool: need 264 scenes total (256 train-pool candidates + 8 fixed test).
Warning: You are sending unauthenticated requests to the HF Hub. Please set a HF_TOKEN to enable higher rate limits and faster downloads.
Loading weights:   0%|          | 0/587 [00:00<?, ?it/s]Loading weights:  27%|██▋       | 158/587 [00:00<00:00, 1570.09it/s]Loading weights:  54%|█████▍    | 316/587 [00:00<00:00, 1541.25it/s]Loading weights: 100%|██████████| 587/587 [00:00<00:00, 2092.14it/s]
test set ready (8 scenes) in 24s
N_train=  32 seed=0  r2=-0.1757  cosine=0.9293  (render+encode wait: 97s)  total_elapsed=97s
00:00.769  render           | Saved: '/tmp/tmpeizfs2mh/frame_0000_depth.png'
00:00.770  render           | Saved: '/tmp/tmpeizfs2mh/frame_0000_seg.png'
00:00.872  render           | Saved: '/tmp/tmpeizfs2mh/frame_0000_rgb.png'
00:01.281  render           | Saved: '/tmp/tmpeizfs2mh/frame_0001_seg.png'
00:01.281  render           | Saved: '/tmp/tmpeizfs2mh/frame_0001_depth.png'
00:01.284  render           | Saved: '/tmp/tmpeizfs2mh/frame_0001_rgb.png'
00:01.667  render           | Saved: '/tmp/tmpeizfs2mh/frame_0002_seg.png'
00:01.668  render           | Saved: '/tmp/tmpeizfs2mh/frame_0002_depth.png'
00:01.671  render           | Saved: '/tmp/tmpeizfs2mh/frame_0002_rgb.png'
00:02.072  render           | Saved: '/tmp/tmpeizfs2mh/frame_0003_depth.png'
00:02.073  render           | Saved: '/tmp/tmpeizfs2mh/frame_0003_seg.png'
00:02.076  render           | Saved: '/tmp/tmpeizfs2mh/frame_0003_rgb.png'
00:02.525  render           | Saved: '/tmp/tmpd9keq0p0/frame_0000_depth.png'
00:02.526  render           | Saved: '/tmp/tmpd9keq0p0/frame_0000_seg.png'
00:02.529  render           | Saved: '/tmp/tmpd9keq0p0/frame_0000_rgb.png'
00:02.919  render           | Saved: '/tmp/tmpd9keq0p0/frame_0001_depth.png'
00:02.920  render           | Saved: '/tmp/tmpd9keq0p0/frame_0001_seg.png'
00:02.923  render           | Saved: '/tmp/tmpd9keq0p0/frame_0001_rgb.png'
00:03.309  render           | Saved: '/tmp/tmpd9keq0p0/frame_0002_depth.png'
00:03.310  render           | Saved: '/tmp/tmpd9keq0p0/frame_0002_seg.png'
00:03.313  render           | Saved: '/tmp/tmpd9keq0p0/frame_0002_rgb.png'
00:03.703  render           | Saved: '/tmp/tmpd9keq0p0/frame_0003_seg.png'
00:03.704  render           | Saved: '/tmp/tmpd9keq0p0/frame_0003_depth.png'
00:03.707  render           | Saved: '/tmp/tmpd9keq0p0/frame_0003_rgb.png'
00:09.723  render           | Saved: '/tmp/tmp3af9_1hz/frame_0000_depth.png'
00:09.724  render           | Saved: '/tmp/tmp3af9_1hz/frame_0000_seg.png'
00:09.727  render           | Saved: '/tmp/tmp3af9_1hz/frame_0000_rgb.png'
00:10.156  render           | Saved: '/tmp/tmp3af9_1hz/frame_0001_depth.png'
00:10.157  render           | Saved: '/tmp/tmp3af9_1hz/frame_0001_seg.png'
00:10.160  render           | Saved: '/tmp/tmp3af9_1hz/frame_0001_rgb.png'
00:10.601  render           | Saved: '/tmp/tmp3af9_1hz/frame_0002_depth.png'
00:10.602  render           | Saved: '/tmp/tmp3af9_1hz/frame_0002_seg.png'
00:10.605  render           | Saved: '/tmp/tmp3af9_1hz/frame_0002_rgb.png'
00:11.048  render           | Saved: '/tmp/tmp3af9_1hz/frame_0003_depth.png'
00:11.049  render           | Saved: '/tmp/tmp3af9_1hz/frame_0003_seg.png'
00:11.052  render           | Saved: '/tmp/tmp3af9_1hz/frame_0003_rgb.png'
00:11.576  render           | Saved: '/tmp/tmp0luf9hjg/frame_0000_seg.png'
00:11.577  render           | Saved: '/tmp/tmp0luf9hjg/frame_0000_depth.png'
00:11.580  render           | Saved: '/tmp/tmp0luf9hjg/frame_0000_rgb.png'
00:12.015  render           | Saved: '/tmp/tmp0luf9hjg/frame_0001_seg.png'
00:12.016  render           | Saved: '/tmp/tmp0luf9hjg/frame_0001_depth.png'
00:12.019  render           | Saved: '/tmp/tmp0luf9hjg/frame_0001_rgb.png'
00:12.451  render           | Saved: '/tmp/tmp0luf9hjg/frame_0002_depth.png'
00:12.452  render           | Saved: '/tmp/tmp0luf9hjg/frame_0002_seg.png'
00:12.455  render           | Saved: '/tmp/tmp0luf9hjg/frame_0002_rgb.png'
00:12.904  render           | Saved: '/tmp/tmp0luf9hjg/frame_0003_depth.png'
00:12.905  render           | Saved: '/tmp/tmp0luf9hjg/frame_0003_seg.png'
00:12.908  render           | Saved: '/tmp/tmp0luf9hjg/frame_0003_rgb.png'
00:16.343  render           | Saved: '/tmp/tmphfk_b88_/frame_0000_seg.png'
00:16.344  render           | Saved: '/tmp/tmphfk_b88_/frame_0000_depth.png'
00:16.347  render           | Saved: '/tmp/tmphfk_b88_/frame_0000_rgb.png'
00:16.797  render           | Saved: '/tmp/tmphfk_b88_/frame_0001_seg.png'
00:16.798  render           | Saved: '/tmp/tmphfk_b88_/frame_0001_depth.png'
00:16.801  render           | Saved: '/tmp/tmphfk_b88_/frame_0001_rgb.png'
00:17.243  render           | Saved: '/tmp/tmphfk_b88_/frame_0002_depth.png'
00:17.244  render           | Saved: '/tmp/tmphfk_b88_/frame_0002_seg.png'
00:17.247  render           | Saved: '/tmp/tmphfk_b88_/frame_0002_rgb.png'
00:17.684  render           | Saved: '/tmp/tmphfk_b88_/frame_0003_depth.png'
00:17.684  render           | Saved: '/tmp/tmphfk_b88_/frame_0003_seg.png'
00:17.688  render           | Saved: '/tmp/tmphfk_b88_/frame_0003_rgb.png'
00:18.215  render           | Saved: '/tmp/tmpf58lkxww/frame_0000_depth.png'
00:18.216  render           | Saved: '/tmp/tmpf58lkxww/frame_0000_seg.png'
00:18.220  render           | Saved: '/tmp/tmpf58lkxww/frame_0000_rgb.png'
00:18.680  render           | Saved: '/tmp/tmpf58lkxww/frame_0001_seg.png'
00:18.681  render           | Saved: '/tmp/tmpf58lkxww/frame_0001_depth.png'
00:18.684  render           | Saved: '/tmp/tmpf58lkxww/frame_0001_rgb.png'
00:19.120  render           | Saved: '/tmp/tmpf58lkxww/frame_0002_seg.png'
00:19.121  render           | Saved: '/tmp/tmpf58lkxww/frame_0002_depth.png'
00:19.124  render           | Saved: '/tmp/tmpf58lkxww/frame_0002_rgb.png'
00:19.581  render           | Saved: '/tmp/tmpf58lkxww/frame_0003_depth.png'
00:19.583  render           | Saved: '/tmp/tmpf58lkxww/frame_0003_seg.png'
00:19.588  render           | Saved: '/tmp/tmpf58lkxww/frame_0003_rgb.png'
00:22.967  render           | Saved: '/tmp/tmpmsf3jspz/frame_0000_depth.png'
00:22.968  render           | Saved: '/tmp/tmpmsf3jspz/frame_0000_seg.png'
00:22.971  render           | Saved: '/tmp/tmpmsf3jspz/frame_0000_rgb.png'
00:23.390  render           | Saved: '/tmp/tmpmsf3jspz/frame_0001_seg.png'
00:23.390  render           | Saved: '/tmp/tmpmsf3jspz/frame_0001_depth.png'
00:23.393  render           | Saved: '/tmp/tmpmsf3jspz/frame_0001_rgb.png'
00:23.814  render           | Saved: '/tmp/tmpmsf3jspz/frame_0002_seg.png'
00:23.815  render           | Saved: '/tmp/tmpmsf3jspz/frame_0002_depth.png'
00:23.818  render           | Saved: '/tmp/tmpmsf3jspz/frame_0002_rgb.png'
00:24.225  render           | Saved: '/tmp/tmpmsf3jspz/frame_0003_depth.png'
00:24.226  render           | Saved: '/tmp/tmpmsf3jspz/frame_0003_seg.png'
00:24.229  render           | Saved: '/tmp/tmpmsf3jspz/frame_0003_rgb.png'
00:24.697  render           | Saved: '/tmp/tmpqdqshxdc/frame_0000_depth.png'
00:24.698  render           | Saved: '/tmp/tmpqdqshxdc/frame_0000_seg.png'
00:24.701  render           | Saved: '/tmp/tmpqdqshxdc/frame_0000_rgb.png'
00:25.110  render           | Saved: '/tmp/tmpqdqshxdc/frame_0001_seg.png'
00:25.111  render           | Saved: '/tmp/tmpqdqshxdc/frame_0001_depth.png'
00:25.114  render           | Saved: '/tmp/tmpqdqshxdc/frame_0001_rgb.png'
00:25.529  render           | Saved: '/tmp/tmpqdqshxdc/frame_0002_seg.png'
00:25.530  render           | Saved: '/tmp/tmpqdqshxdc/frame_0002_depth.png'
00:25.533  render           | Saved: '/tmp/tmpqdqshxdc/frame_0002_rgb.png'
00:25.945  render           | Saved: '/tmp/tmpqdqshxdc/frame_0003_depth.png'
00:25.946  render           | Saved: '/tmp/tmpqdqshxdc/frame_0003_seg.png'
00:25.949  render           | Saved: '/tmp/tmpqdqshxdc/frame_0003_rgb.png'
00:29.531  render           | Saved: '/tmp/tmpq8kduknt/frame_0000_seg.png'
00:29.532  render           | Saved: '/tmp/tmpq8kduknt/frame_0000_depth.png'
00:29.536  render           | Saved: '/tmp/tmpq8kduknt/frame_0000_rgb.png'
00:29.954  render           | Saved: '/tmp/tmpq8kduknt/frame_0001_depth.png'
00:29.955  render           | Saved: '/tmp/tmpq8kduknt/frame_0001_seg.png'
00:29.958  render           | Saved: '/tmp/tmpq8kduknt/frame_0001_rgb.png'
00:30.380  render           | Saved: '/tmp/tmpq8kduknt/frame_0002_depth.png'
00:30.380  render           | Saved: '/tmp/tmpq8kduknt/frame_0002_seg.png'
00:30.384  render           | Saved: '/tmp/tmpq8kduknt/frame_0002_rgb.png'
00:30.840  render           | Saved: '/tmp/tmpq8kduknt/frame_0003_depth.png'
00:30.841  render           | Saved: '/tmp/tmpq8kduknt/frame_0003_seg.png'
00:30.844  render           | Saved: '/tmp/tmpq8kduknt/frame_0003_rgb.png'
00:31.334  render           | Saved: '/tmp/tmp5iu9uqiw/frame_0000_seg.png'
00:31.335  render           | Saved: '/tmp/tmp5iu9uqiw/frame_0000_depth.png'
00:31.338  render           | Saved: '/tmp/tmp5iu9uqiw/frame_0000_rgb.png'
00:31.749  render           | Saved: '/tmp/tmp5iu9uqiw/frame_0001_depth.png'
00:31.750  render           | Saved: '/tmp/tmp5iu9uqiw/frame_0001_seg.png'
00:31.753  render           | Saved: '/tmp/tmp5iu9uqiw/frame_0001_rgb.png'
00:32.166  render           | Saved: '/tmp/tmp5iu9uqiw/frame_0002_depth.png'
00:32.167  render           | Saved: '/tmp/tmp5iu9uqiw/frame_0002_seg.png'
00:32.170  render           | Saved: '/tmp/tmp5iu9uqiw/frame_0002_rgb.png'
00:32.592  render           | Saved: '/tmp/tmp5iu9uqiw/frame_0003_depth.png'
00:32.592  render           | Saved: '/tmp/tmp5iu9uqiw/frame_0003_seg.png'
00:32.596  render           | Saved: '/tmp/tmp5iu9uqiw/frame_0003_rgb.png'
00:36.042  render           | Saved: '/tmp/tmp27hce2_p/frame_0000_seg.png'
00:36.043  render           | Saved: '/tmp/tmp27hce2_p/frame_0000_depth.png'
00:36.046  render           | Saved: '/tmp/tmp27hce2_p/frame_0000_rgb.png'
00:36.496  render           | Saved: '/tmp/tmp27hce2_p/frame_0001_depth.png'
00:36.497  render           | Saved: '/tmp/tmp27hce2_p/frame_0001_seg.png'
00:36.500  render           | Saved: '/tmp/tmp27hce2_p/frame_0001_rgb.png'
00:36.950  render           | Saved: '/tmp/tmp27hce2_p/frame_0002_depth.png'
00:36.951  render           | Saved: '/tmp/tmp27hce2_p/frame_0002_seg.png'
00:36.955  render           | Saved: '/tmp/tmp27hce2_p/frame_0002_rgb.png'
00:37.384  render           | Saved: '/tmp/tmp27hce2_p/frame_0003_depth.png'
00:37.385  render           | Saved: '/tmp/tmp27hce2_p/frame_0003_seg.png'
00:37.388  render           | Saved: '/tmp/tmp27hce2_p/frame_0003_rgb.png'
00:37.909  render           | Saved: '/tmp/tmp7uc3udz1/frame_0000_depth.png'
00:37.910  render           | Saved: '/tmp/tmp7uc3udz1/frame_0000_seg.png'
00:37.913  render           | Saved: '/tmp/tmp7uc3udz1/frame_0000_rgb.png'
00:38.368  render           | Saved: '/tmp/tmp7uc3udz1/frame_0001_depth.png'
00:38.369  render           | Saved: '/tmp/tmp7uc3udz1/frame_0001_seg.png'
00:38.372  render           | Saved: '/tmp/tmp7uc3udz1/frame_0001_rgb.png'
