Sampling scene pool: need 136 scenes total (128 train-pool candidates + 8 fixed test).
Warning: You are sending unauthenticated requests to the HF Hub. Please set a HF_TOKEN to enable higher rate limits and faster downloads.
Loading weights:   0%|          | 0/587 [00:00<?, ?it/s]Loading weights:  27%|██▋       | 157/587 [00:00<00:00, 1567.35it/s]Loading weights:  53%|█████▎    | 314/587 [00:00<00:00, 1518.14it/s]Loading weights: 100%|██████████| 587/587 [00:00<00:00, 2229.45it/s]
test set ready (8 scenes) in 24s
N_train=  32 seed=0  r2=-0.1757  cosine=0.9293  (render+encode wait: 95s)  total_elapsed=95s
00:00.861  render           | Saved: '/tmp/tmpjxp5kx7f/frame_0000_depth.png'
00:00.861  render           | Saved: '/tmp/tmpjxp5kx7f/frame_0000_seg.png'
00:00.970  render           | Saved: '/tmp/tmpjxp5kx7f/frame_0000_rgb.png'
00:01.417  render           | Saved: '/tmp/tmpjxp5kx7f/frame_0001_depth.png'
00:01.418  render           | Saved: '/tmp/tmpjxp5kx7f/frame_0001_seg.png'
00:01.421  render           | Saved: '/tmp/tmpjxp5kx7f/frame_0001_rgb.png'
00:01.865  render           | Saved: '/tmp/tmpjxp5kx7f/frame_0002_seg.png'
00:01.866  render           | Saved: '/tmp/tmpjxp5kx7f/frame_0002_depth.png'
00:01.869  render           | Saved: '/tmp/tmpjxp5kx7f/frame_0002_rgb.png'
00:02.290  render           | Saved: '/tmp/tmpjxp5kx7f/frame_0003_seg.png'
00:02.291  render           | Saved: '/tmp/tmpjxp5kx7f/frame_0003_depth.png'
00:02.294  render           | Saved: '/tmp/tmpjxp5kx7f/frame_0003_rgb.png'
00:02.803  render           | Saved: '/tmp/tmpv2rs8i5a/frame_0000_depth.png'
00:02.804  render           | Saved: '/tmp/tmpv2rs8i5a/frame_0000_seg.png'
00:02.807  render           | Saved: '/tmp/tmpv2rs8i5a/frame_0000_rgb.png'
00:03.238  render           | Saved: '/tmp/tmpv2rs8i5a/frame_0001_depth.png'
00:03.239  render           | Saved: '/tmp/tmpv2rs8i5a/frame_0001_seg.png'
00:03.242  render           | Saved: '/tmp/tmpv2rs8i5a/frame_0001_rgb.png'
00:03.682  render           | Saved: '/tmp/tmpv2rs8i5a/frame_0002_depth.png'
00:03.683  render           | Saved: '/tmp/tmpv2rs8i5a/frame_0002_seg.png'
00:03.686  render           | Saved: '/tmp/tmpv2rs8i5a/frame_0002_rgb.png'
00:04.135  render           | Saved: '/tmp/tmpv2rs8i5a/frame_0003_depth.png'
00:04.136  render           | Saved: '/tmp/tmpv2rs8i5a/frame_0003_seg.png'
00:04.139  render           | Saved: '/tmp/tmpv2rs8i5a/frame_0003_rgb.png'
00:07.614  render           | Saved: '/tmp/tmpfwddyzyd/frame_0000_depth.png'
00:07.615  render           | Saved: '/tmp/tmpfwddyzyd/frame_0000_seg.png'
00:07.618  render           | Saved: '/tmp/tmpfwddyzyd/frame_0000_rgb.png'
00:08.055  render           | Saved: '/tmp/tmpfwddyzyd/frame_0001_depth.png'
00:08.056  render           | Saved: '/tmp/tmpfwddyzyd/frame_0001_seg.png'
00:08.059  render           | Saved: '/tmp/tmpfwddyzyd/frame_0001_rgb.png'
00:08.481  render           | Saved: '/tmp/tmpfwddyzyd/frame_0002_depth.png'
00:08.482  render           | Saved: '/tmp/tmpfwddyzyd/frame_0002_seg.png'
00:08.485  render           | Saved: '/tmp/tmpfwddyzyd/frame_0002_rgb.png'
00:08.936  render           | Saved: '/tmp/tmpfwddyzyd/frame_0003_depth.png'
00:08.937  render           | Saved: '/tmp/tmpfwddyzyd/frame_0003_seg.png'
00:08.941  render           | Saved: '/tmp/tmpfwddyzyd/frame_0003_rgb.png'
00:09.454  render           | Saved: '/tmp/tmp47e91gbl/frame_0000_depth.png'
00:09.455  render           | Saved: '/tmp/tmp47e91gbl/frame_0000_seg.png'
00:09.458  render           | Saved: '/tmp/tmp47e91gbl/frame_0000_rgb.png'
00:09.896  render           | Saved: '/tmp/tmp47e91gbl/frame_0001_depth.png'
00:09.897  render           | Saved: '/tmp/tmp47e91gbl/frame_0001_seg.png'
00:09.900  render           | Saved: '/tmp/tmp47e91gbl/frame_0001_rgb.png'
00:10.337  render           | Saved: '/tmp/tmp47e91gbl/frame_0002_seg.png'
00:10.338  render           | Saved: '/tmp/tmp47e91gbl/frame_0002_depth.png'
00:10.342  render           | Saved: '/tmp/tmp47e91gbl/frame_0002_rgb.png'
